<?xml version="1.0" encoding="ISO-8859-1" ?>
<link_info>
   <banner>MSP430 Linker PC v18.1.3.LTS</banner>
   <copyright>Copyright (c) 2003-2017 Texas Instruments Incorporated</copyright>
   <link_time>0x5ba44d4d</link_time>
   <link_errors>0x15</link_errors>
   <output_file>shyjc.out</output_file>
   <entry_point>
      <name>_c_int00_noargs</name>
      <address>0xa9c6</address>
   </entry_point>
   <input_file_list>
      <input_file id="fl-2">
         <path>.\</path>
         <kind>object</kind>
         <file>CC1101.obj</file>
         <name>CC1101.obj</name>
      </input_file>
      <input_file id="fl-3">
         <path>.\</path>
         <kind>object</kind>
         <file>flash.obj</file>
         <name>flash.obj</name>
      </input_file>
      <input_file id="fl-4">
         <path>.\</path>
         <kind>object</kind>
         <file>main.obj</file>
         <name>main.obj</name>
      </input_file>
      <input_file id="fl-5">
         <path>.\</path>
         <kind>object</kind>
         <file>task.obj</file>
         <name>task.obj</name>
      </input_file>
      <input_file id="fl-6">
         <path>.\</path>
         <kind>object</kind>
         <file>timer.obj</file>
         <name>timer.obj</name>
      </input_file>
      <input_file id="fl-7">
         <path>.\shuyeJC\</path>
         <kind>object</kind>
         <file>main.obj</file>
         <name>main.obj</name>
      </input_file>
      <input_file id="fl-c">
         <kind>object</kind>
         <file>&lt;internal&gt;</file>
         <name>&lt;internal&gt;</name>
      </input_file>
      <input_file id="fl-22">
         <path>D:\ti\ccsv8\tools\compiler\ti-cgt-msp430_18.1.3.LTS\lib\</path>
         <kind>archive</kind>
         <file>rts430_eabi.lib</file>
         <name>div32u.asm.obj</name>
      </input_file>
      <input_file id="fl-23">
         <path>D:\ti\ccsv8\tools\compiler\ti-cgt-msp430_18.1.3.LTS\lib\</path>
         <kind>archive</kind>
         <file>rts430_eabi.lib</file>
         <name>epilog.asm.obj</name>
      </input_file>
      <input_file id="fl-24">
         <path>D:\ti\ccsv8\tools\compiler\ti-cgt-msp430_18.1.3.LTS\lib\</path>
         <kind>archive</kind>
         <file>rts430_eabi.lib</file>
         <name>fs_add.asm.obj</name>
      </input_file>
      <input_file id="fl-25">
         <path>D:\ti\ccsv8\tools\compiler\ti-cgt-msp430_18.1.3.LTS\lib\</path>
         <kind>archive</kind>
         <file>rts430_eabi.lib</file>
         <name>fs_cmp.asm.obj</name>
      </input_file>
      <input_file id="fl-26">
         <path>D:\ti\ccsv8\tools\compiler\ti-cgt-msp430_18.1.3.LTS\lib\</path>
         <kind>archive</kind>
         <file>rts430_eabi.lib</file>
         <name>fs_div.asm.obj</name>
      </input_file>
      <input_file id="fl-27">
         <path>D:\ti\ccsv8\tools\compiler\ti-cgt-msp430_18.1.3.LTS\lib\</path>
         <kind>archive</kind>
         <file>rts430_eabi.lib</file>
         <name>fs_toul.asm.obj</name>
      </input_file>
      <input_file id="fl-28">
         <path>D:\ti\ccsv8\tools\compiler\ti-cgt-msp430_18.1.3.LTS\lib\</path>
         <kind>archive</kind>
         <file>rts430_eabi.lib</file>
         <name>fs_utof.asm.obj</name>
      </input_file>
      <input_file id="fl-29">
         <path>D:\ti\ccsv8\tools\compiler\ti-cgt-msp430_18.1.3.LTS\lib\</path>
         <kind>archive</kind>
         <file>rts430_eabi.lib</file>
         <name>int06.asm.obj</name>
      </input_file>
      <input_file id="fl-2a">
         <path>D:\ti\ccsv8\tools\compiler\ti-cgt-msp430_18.1.3.LTS\lib\</path>
         <kind>archive</kind>
         <file>rts430_eabi.lib</file>
         <name>int07.asm.obj</name>
      </input_file>
      <input_file id="fl-2b">
         <path>D:\ti\ccsv8\tools\compiler\ti-cgt-msp430_18.1.3.LTS\lib\</path>
         <kind>archive</kind>
         <file>rts430_eabi.lib</file>
         <name>int08.asm.obj</name>
      </input_file>
      <input_file id="fl-2c">
         <path>D:\ti\ccsv8\tools\compiler\ti-cgt-msp430_18.1.3.LTS\lib\</path>
         <kind>archive</kind>
         <file>rts430_eabi.lib</file>
         <name>int12.asm.obj</name>
      </input_file>
      <input_file id="fl-2d">
         <path>D:\ti\ccsv8\tools\compiler\ti-cgt-msp430_18.1.3.LTS\lib\</path>
         <kind>archive</kind>
         <file>rts430_eabi.lib</file>
         <name>int14.asm.obj</name>
      </input_file>
      <input_file id="fl-2e">
         <path>D:\ti\ccsv8\tools\compiler\ti-cgt-msp430_18.1.3.LTS\lib\</path>
         <kind>archive</kind>
         <file>rts430_eabi.lib</file>
         <name>isr_trap.asm.obj</name>
      </input_file>
      <input_file id="fl-2f">
         <path>D:\ti\ccsv8\tools\compiler\ti-cgt-msp430_18.1.3.LTS\lib\</path>
         <kind>archive</kind>
         <file>rts430_eabi.lib</file>
         <name>lsl32.asm.obj</name>
      </input_file>
      <input_file id="fl-30">
         <path>D:\ti\ccsv8\tools\compiler\ti-cgt-msp430_18.1.3.LTS\lib\</path>
         <kind>archive</kind>
         <file>rts430_eabi.lib</file>
         <name>lsr32.asm.obj</name>
      </input_file>
      <input_file id="fl-31">
         <path>D:\ti\ccsv8\tools\compiler\ti-cgt-msp430_18.1.3.LTS\lib\</path>
         <kind>archive</kind>
         <file>rts430_eabi.lib</file>
         <name>mult32.asm.obj</name>
      </input_file>
      <input_file id="fl-32">
         <path>D:\ti\ccsv8\tools\compiler\ti-cgt-msp430_18.1.3.LTS\lib\</path>
         <kind>archive</kind>
         <file>rts430_eabi.lib</file>
         <name>boot.c.obj</name>
      </input_file>
      <input_file id="fl-33">
         <path>D:\ti\ccsv8\tools\compiler\ti-cgt-msp430_18.1.3.LTS\lib\</path>
         <kind>archive</kind>
         <file>rts430_eabi.lib</file>
         <name>autoinit.c.obj</name>
      </input_file>
      <input_file id="fl-34">
         <path>D:\ti\ccsv8\tools\compiler\ti-cgt-msp430_18.1.3.LTS\lib\</path>
         <kind>archive</kind>
         <file>rts430_eabi.lib</file>
         <name>copy_zero_init.c.obj</name>
      </input_file>
      <input_file id="fl-35">
         <path>D:\ti\ccsv8\tools\compiler\ti-cgt-msp430_18.1.3.LTS\lib\</path>
         <kind>archive</kind>
         <file>rts430_eabi.lib</file>
         <name>cpy_tbl.c.obj</name>
      </input_file>
      <input_file id="fl-36">
         <path>D:\ti\ccsv8\tools\compiler\ti-cgt-msp430_18.1.3.LTS\lib\</path>
         <kind>archive</kind>
         <file>rts430_eabi.lib</file>
         <name>mpu_init.c.obj</name>
      </input_file>
      <input_file id="fl-37">
         <path>D:\ti\ccsv8\tools\compiler\ti-cgt-msp430_18.1.3.LTS\lib\</path>
         <kind>archive</kind>
         <file>rts430_eabi.lib</file>
         <name>pre_init.c.obj</name>
      </input_file>
      <input_file id="fl-38">
         <path>D:\ti\ccsv8\tools\compiler\ti-cgt-msp430_18.1.3.LTS\lib\</path>
         <kind>archive</kind>
         <file>rts430_eabi.lib</file>
         <name>startup.c.obj</name>
      </input_file>
      <input_file id="fl-39">
         <path>D:\ti\ccsv8\tools\compiler\ti-cgt-msp430_18.1.3.LTS\lib\</path>
         <kind>archive</kind>
         <file>rts430_eabi.lib</file>
         <name>copy_decompress_none.c.obj</name>
      </input_file>
      <input_file id="fl-3a">
         <path>D:\ti\ccsv8\tools\compiler\ti-cgt-msp430_18.1.3.LTS\lib\</path>
         <kind>archive</kind>
         <file>rts430_eabi.lib</file>
         <name>copy_decompress_lzss.c.obj</name>
      </input_file>
      <input_file id="fl-3b">
         <path>D:\ti\ccsv8\tools\compiler\ti-cgt-msp430_18.1.3.LTS\lib\</path>
         <kind>archive</kind>
         <file>rts430_eabi.lib</file>
         <name>fixdu.c.obj</name>
      </input_file>
      <input_file id="fl-3c">
         <path>D:\ti\ccsv8\tools\compiler\ti-cgt-msp430_18.1.3.LTS\lib\</path>
         <kind>archive</kind>
         <file>rts430_eabi.lib</file>
         <name>fixdul.c.obj</name>
      </input_file>
      <input_file id="fl-3d">
         <path>D:\ti\ccsv8\tools\compiler\ti-cgt-msp430_18.1.3.LTS\lib\</path>
         <kind>archive</kind>
         <file>rts430_eabi.lib</file>
         <name>fltud.c.obj</name>
      </input_file>
      <input_file id="fl-3e">
         <path>D:\ti\ccsv8\tools\compiler\ti-cgt-msp430_18.1.3.LTS\lib\</path>
         <kind>archive</kind>
         <file>rts430_eabi.lib</file>
         <name>fltuld.c.obj</name>
      </input_file>
      <input_file id="fl-3f">
         <path>D:\ti\ccsv8\tools\compiler\ti-cgt-msp430_18.1.3.LTS\lib\</path>
         <kind>archive</kind>
         <file>rts430_eabi.lib</file>
         <name>mpyd.c.obj</name>
      </input_file>
      <input_file id="fl-40">
         <path>D:\ti\ccsv8\tools\compiler\ti-cgt-msp430_18.1.3.LTS\lib\</path>
         <kind>archive</kind>
         <file>rts430_eabi.lib</file>
         <name>exit.c.obj</name>
      </input_file>
      <input_file id="fl-41">
         <path>D:\ti\ccsv8\tools\compiler\ti-cgt-msp430_18.1.3.LTS\lib\</path>
         <kind>archive</kind>
         <file>rts430_eabi.lib</file>
         <name>_lock.c.obj</name>
      </input_file>
      <input_file id="fl-42">
         <path>D:\ti\ccsv8\tools\compiler\ti-cgt-msp430_18.1.3.LTS\lib\</path>
         <kind>archive</kind>
         <file>rts430_eabi.lib</file>
         <name>args_main.c.obj</name>
      </input_file>
      <input_file id="fl-43">
         <path>D:\ti\ccsv8\tools\compiler\ti-cgt-msp430_18.1.3.LTS\lib\</path>
         <kind>archive</kind>
         <file>rts430_eabi.lib</file>
         <name>memcpy.c.obj</name>
      </input_file>
      <input_file id="fl-44">
         <path>D:\ti\ccsv8\tools\compiler\ti-cgt-msp430_18.1.3.LTS\lib\</path>
         <kind>archive</kind>
         <file>rts430_eabi.lib</file>
         <name>memset.c.obj</name>
      </input_file>
      <input_file id="fl-45">
         <path>D:\ti\ccsv8\tools\compiler\ti-cgt-msp430_18.1.3.LTS\lib\</path>
         <kind>archive</kind>
         <file>rts430_eabi.lib</file>
         <name>asr16.asm.obj</name>
      </input_file>
      <input_file id="fl-46">
         <path>D:\ti\ccsv8\tools\compiler\ti-cgt-msp430_18.1.3.LTS\lib\</path>
         <kind>archive</kind>
         <file>rts430_eabi.lib</file>
         <name>lsl16.asm.obj</name>
      </input_file>
      <input_file id="fl-47">
         <path>D:\ti\ccsv8\tools\compiler\ti-cgt-msp430_18.1.3.LTS\lib\</path>
         <kind>archive</kind>
         <file>rts430_eabi.lib</file>
         <name>lsr16.asm.obj</name>
      </input_file>
      <input_file id="fl-48">
         <path>D:\ti\ccsv8\tools\compiler\ti-cgt-msp430_18.1.3.LTS\lib\</path>
         <kind>archive</kind>
         <file>rts430_eabi.lib</file>
         <name>mult16.asm.obj</name>
      </input_file>
      <input_file id="fl-49">
         <path>D:\ti\ccsv8\tools\compiler\ti-cgt-msp430_18.1.3.LTS\lib\</path>
         <kind>archive</kind>
         <file>rts430_eabi.lib</file>
         <name>exit_gvars.c.obj</name>
      </input_file>
      <input_file id="fl-4a">
         <path>D:\ti\ccsv8\tools\compiler\ti-cgt-msp430_18.1.3.LTS\lib\</path>
         <kind>archive</kind>
         <file>rts430_eabi.lib</file>
         <name>lsr64.c.obj</name>
      </input_file>
      <input_file id="fl-4b">
         <path>D:\ti\ccsv8\tools\compiler\ti-cgt-msp430_18.1.3.LTS\lib\</path>
         <kind>archive</kind>
         <file>rts430_eabi.lib</file>
         <name>frcmpyd.c.obj</name>
      </input_file>
      <input_file id="fl-4c">
         <path>D:\ti\ccsv8\tools\compiler\ti-cgt-msp430_18.1.3.LTS\lib\</path>
         <kind>archive</kind>
         <file>rts430_eabi.lib</file>
         <name>asr32.asm.obj</name>
      </input_file>
   </input_file_list>
   <object_component_list>
      <object_component id="oc-4a4">
         <name>.bss</name>
         <uninitialized>true</uninitialized>
         <run_address>0x264</run_address>
         <size>0x8</size>
         <input_file_ref idref="fl-4"/>
      </object_component>
      <object_component id="oc-3a8">
         <name>.bss:buf_for_cal_speed</name>
         <uninitialized>true</uninitialized>
         <run_address>0x242</run_address>
         <size>0x14</size>
         <input_file_ref idref="fl-5"/>
      </object_component>
      <object_component id="oc-36f">
         <name>.bss</name>
         <uninitialized>true</uninitialized>
         <run_address>0x256</run_address>
         <size>0xe</size>
         <input_file_ref idref="fl-5"/>
      </object_component>
      <object_component id="oc-378">
         <name>.bss:preWeightArray</name>
         <uninitialized>true</uninitialized>
         <run_address>0x26c</run_address>
         <size>0x8</size>
         <input_file_ref idref="fl-5"/>
      </object_component>
      <object_component id="oc-191">
         <name>.bss</name>
         <uninitialized>true</uninitialized>
         <run_address>0x274</run_address>
         <size>0x4</size>
         <input_file_ref idref="fl-6"/>
      </object_component>
      <object_component id="oc-16c">
         <name>.common:keyScan_tick</name>
         <uninitialized>true</uninitialized>
         <run_address>0x278</run_address>
         <size>0x4</size>
      </object_component>
      <object_component id="oc-179">
         <name>.data</name>
         <load_address>0x23e</load_address>
         <run_address>0x23e</run_address>
         <size>0x2</size>
         <input_file_ref idref="fl-2"/>
      </object_component>
      <object_component id="oc-502">
         <name>.data:PaTabel</name>
         <load_address>0x22e</load_address>
         <run_address>0x22e</run_address>
         <size>0x8</size>
         <input_file_ref idref="fl-2"/>
      </object_component>
      <object_component id="oc-15a">
         <name>.data</name>
         <load_address>0x210</load_address>
         <run_address>0x210</run_address>
         <size>0xa</size>
         <input_file_ref idref="fl-4"/>
      </object_component>
      <object_component id="oc-1fd">
         <name>.data:shake_hand</name>
         <load_address>0x236</load_address>
         <run_address>0x236</run_address>
         <size>0x8</size>
         <input_file_ref idref="fl-5"/>
      </object_component>
      <object_component id="oc-247">
         <name>.data:dev_para</name>
         <load_address>0x200</load_address>
         <run_address>0x200</run_address>
         <size>0x10</size>
         <input_file_ref idref="fl-5"/>
      </object_component>
      <object_component id="oc-18c">
         <name>.data:bond_para</name>
         <load_address>0x21a</load_address>
         <run_address>0x21a</run_address>
         <size>0xa</size>
         <input_file_ref idref="fl-5"/>
      </object_component>
      <object_component id="oc-151">
         <name>.data</name>
         <load_address>0x224</load_address>
         <run_address>0x224</run_address>
         <size>0xa</size>
         <input_file_ref idref="fl-5"/>
      </object_component>
      <object_component id="oc-185">
         <name>.data</name>
         <load_address>0x240</load_address>
         <run_address>0x240</run_address>
         <size>0x2</size>
         <input_file_ref idref="fl-6"/>
      </object_component>
      <object_component id="oc-a8">
         <name>.stack</name>
         <uninitialized>true</uninitialized>
         <run_address>0x5b0</run_address>
         <size>0x2</size>
         <input_file_ref idref="fl-32"/>
      </object_component>
      <object_component id="oc-5bd">
         <name>.stack</name>
         <uninitialized>true</uninitialized>
         <run_address>0x5b0</run_address>
         <size>0x0</size>
      </object_component>
      <object_component id="oc-525">
         <name>.text:__TI_frcmpyd</name>
         <load_address>0x8000</load_address>
         <run_address>0x8000</run_address>
         <size>0x286</size>
         <input_file_ref idref="fl-4b"/>
      </object_component>
      <object_component id="oc-46b">
         <name>.text:__mspabi_mpyd</name>
         <load_address>0x8286</load_address>
         <run_address>0x8286</run_address>
         <size>0x26e</size>
         <input_file_ref idref="fl-3f"/>
      </object_component>
      <object_component id="oc-1a3">
         <name>.text:main</name>
         <load_address>0x84f4</load_address>
         <run_address>0x84f4</run_address>
         <size>0x1dc</size>
         <input_file_ref idref="fl-4"/>
      </object_component>
      <object_component id="oc-241">
         <name>.text:_Z5starthh</name>
         <load_address>0x86d0</load_address>
         <run_address>0x86d0</run_address>
         <size>0x14e</size>
         <input_file_ref idref="fl-5"/>
      </object_component>
      <object_component id="oc-49b">
         <name>.text</name>
         <load_address>0x881e</load_address>
         <run_address>0x881e</run_address>
         <size>0x132</size>
         <input_file_ref idref="fl-24"/>
      </object_component>
      <object_component id="oc-39c">
         <name>.text:_Z16stopStatus_checkj</name>
         <load_address>0x8950</load_address>
         <run_address>0x8950</run_address>
         <size>0x122</size>
         <input_file_ref idref="fl-5"/>
      </object_component>
      <object_component id="oc-200">
         <name>.text:_Z20bond_result_callbackh</name>
         <load_address>0x8a72</load_address>
         <run_address>0x8a72</run_address>
         <size>0x11a</size>
         <input_file_ref idref="fl-4"/>
      </object_component>
      <object_component id="oc-ea">
         <name>.text:_Z7Timer_Av</name>
         <load_address>0x8b8c</load_address>
         <run_address>0x8b8c</run_address>
         <size>0x114</size>
         <input_file_ref idref="fl-6"/>
      </object_component>
      <object_component id="oc-369">
         <name>.text:_Z11read_weightPjh</name>
         <load_address>0x8ca0</load_address>
         <run_address>0x8ca0</run_address>
         <size>0x110</size>
         <input_file_ref idref="fl-5"/>
      </object_component>
      <object_component id="oc-390">
         <name>.text:_ZN29_INTERNAL_8_task_cpp_68e3960b15weightLed_flushEj</name>
         <load_address>0x8db0</load_address>
         <run_address>0x8db0</run_address>
         <size>0x106</size>
         <input_file_ref idref="fl-5"/>
      </object_component>
      <object_component id="oc-d3">
         <name>.text:_Z9PORT1_ISRv</name>
         <load_address>0x8eb6</load_address>
         <run_address>0x8eb6</run_address>
         <size>0x104</size>
         <input_file_ref idref="fl-4"/>
      </object_component>
      <object_component id="oc-35b">
         <name>.text:_ZN28_INTERNAL_8_main_cpp_fsm_sta31read_configured_data_from_flashEv</name>
         <load_address>0x8fba</load_address>
         <run_address>0x8fba</run_address>
         <size>0xfc</size>
         <input_file_ref idref="fl-4"/>
      </object_component>
      <object_component id="oc-21b">
         <name>.text:_Z12init_driversv</name>
         <load_address>0x90b6</load_address>
         <run_address>0x90b6</run_address>
         <size>0xf6</size>
         <input_file_ref idref="fl-4"/>
      </object_component>
      <object_component id="oc-42e">
         <name>.text:_Z16CC1101SendPacketPhh12TX_DATA_MODE</name>
         <load_address>0x91ac</load_address>
         <run_address>0x91ac</run_address>
         <size>0xd2</size>
         <input_file_ref idref="fl-2"/>
      </object_component>
      <object_component id="oc-233">
         <name>.text:_Z9heartBeatv</name>
         <load_address>0x927e</load_address>
         <run_address>0x927e</run_address>
         <size>0xd0</size>
         <input_file_ref idref="fl-5"/>
      </object_component>
      <object_component id="oc-1f7">
         <name>.text:_Z17process_rx_packetPhh9SYS_STATE</name>
         <load_address>0x934e</load_address>
         <run_address>0x934e</run_address>
         <size>0xcc</size>
         <input_file_ref idref="fl-5"/>
      </object_component>
      <object_component id="oc-445">
         <name>.text:_Z19ads1230_sample_dataPmhh</name>
         <load_address>0x941a</load_address>
         <run_address>0x941a</run_address>
         <size>0xcc</size>
         <input_file_ref idref="fl-5"/>
      </object_component>
      <object_component id="oc-239">
         <name>.text:_Z3runhh</name>
         <load_address>0x94e6</load_address>
         <run_address>0x94e6</run_address>
         <size>0xb8</size>
         <input_file_ref idref="fl-5"/>
      </object_component>
      <object_component id="oc-1f1">
         <name>.text:_Z15CC1101RecPacketPh</name>
         <load_address>0x959e</load_address>
         <run_address>0x959e</run_address>
         <size>0xb4</size>
         <input_file_ref idref="fl-2"/>
      </object_component>
      <object_component id="oc-3c5">
         <name>.text:_ZN29_INTERNAL_8_task_cpp_68e3960b19ads1230_DoCalibrateEj</name>
         <load_address>0x9652</load_address>
         <run_address>0x9652</run_address>
         <size>0xaa</size>
         <input_file_ref idref="fl-5"/>
      </object_component>
      <object_component id="oc-48c">
         <name>.text</name>
         <load_address>0x96fc</load_address>
         <run_address>0x96fc</run_address>
         <size>0x9c</size>
         <input_file_ref idref="fl-26"/>
      </object_component>
      <object_component id="oc-3b2">
         <name>.text:_Z14sweep_freq_askv</name>
         <load_address>0x9798</load_address>
         <run_address>0x9798</run_address>
         <size>0x96</size>
         <input_file_ref idref="fl-4"/>
      </object_component>
      <object_component id="oc-3bf">
         <name>.text:_Z23ads1230_start_calibratev</name>
         <load_address>0x982e</load_address>
         <run_address>0x982e</run_address>
         <size>0x96</size>
         <input_file_ref idref="fl-5"/>
      </object_component>
      <object_component id="oc-17c">
         <name>.text:_Z13process_rf_opv</name>
         <load_address>0x98c4</load_address>
         <run_address>0x98c4</run_address>
         <size>0x94</size>
         <input_file_ref idref="fl-4"/>
      </object_component>
      <object_component id="oc-372">
         <name>.text:_Z8bag_typej</name>
         <load_address>0x9958</load_address>
         <run_address>0x9958</run_address>
         <size>0x8e</size>
         <input_file_ref idref="fl-5"/>
      </object_component>
      <object_component id="oc-396">
         <name>.text:_Z13restart_checkj</name>
         <load_address>0x99e6</load_address>
         <run_address>0x99e6</run_address>
         <size>0x8a</size>
         <input_file_ref idref="fl-5"/>
      </object_component>
      <object_component id="oc-519">
         <name>.text:__mspabi_fltuld</name>
         <load_address>0x9a70</load_address>
         <run_address>0x9a70</run_address>
         <size>0x8a</size>
         <input_file_ref idref="fl-3e"/>
      </object_component>
      <object_component id="oc-38a">
         <name>.text:_Z19container_type_showv</name>
         <load_address>0x9afa</load_address>
         <run_address>0x9afa</run_address>
         <size>0x86</size>
         <input_file_ref idref="fl-5"/>
      </object_component>
      <object_component id="oc-3b8">
         <name>.text:_Z11dev_requestv</name>
         <load_address>0x9b80</load_address>
         <run_address>0x9b80</run_address>
         <size>0x84</size>
         <input_file_ref idref="fl-4"/>
      </object_component>
      <object_component id="oc-43e">
         <name>.text:_Z10CC1101Initv</name>
         <load_address>0x9c04</load_address>
         <run_address>0x9c04</run_address>
         <size>0x80</size>
         <input_file_ref idref="fl-2"/>
      </object_component>
      <object_component id="oc-3b0">
         <name>.text:_Z17bond_led_indicatev</name>
         <load_address>0x9c84</load_address>
         <run_address>0x9c84</run_address>
         <size>0x7c</size>
         <input_file_ref idref="fl-4"/>
      </object_component>
      <object_component id="oc-32">
         <name>.text:decompress:lzss:__TI_decompress_lzss</name>
         <load_address>0x9d00</load_address>
         <run_address>0x9d00</run_address>
         <size>0x7c</size>
         <input_file_ref idref="fl-3a"/>
      </object_component>
      <object_component id="oc-532">
         <name>.text:__mspabi_fixdul</name>
         <load_address>0x9d7c</load_address>
         <run_address>0x9d7c</run_address>
         <size>0x74</size>
         <input_file_ref idref="fl-3c"/>
      </object_component>
      <object_component id="oc-55a">
         <name>.text:_Z10weight_ledh</name>
         <load_address>0x9df0</load_address>
         <run_address>0x9df0</run_address>
         <size>0x6e</size>
         <input_file_ref idref="fl-5"/>
      </object_component>
      <object_component id="oc-221">
         <name>.text:_Z10start_menuv</name>
         <load_address>0x9e5e</load_address>
         <run_address>0x9e5e</run_address>
         <size>0x6c</size>
         <input_file_ref idref="fl-4"/>
      </object_component>
      <object_component id="oc-336">
         <name>.text:_Z11send_packetPhh</name>
         <load_address>0x9eca</load_address>
         <run_address>0x9eca</run_address>
         <size>0x66</size>
         <input_file_ref idref="fl-5"/>
      </object_component>
      <object_component id="oc-227">
         <name>.text:_Z18change_shuye_statev</name>
         <load_address>0x9f30</load_address>
         <run_address>0x9f30</run_address>
         <size>0x64</size>
         <input_file_ref idref="fl-5"/>
      </object_component>
      <object_component id="oc-f0">
         <name>.text:_Z14watchdog_timerv</name>
         <load_address>0x9f94</load_address>
         <run_address>0x9f94</run_address>
         <size>0x5e</size>
         <input_file_ref idref="fl-4"/>
      </object_component>
      <object_component id="oc-22d">
         <name>.text:_Z7timeoutmm</name>
         <load_address>0x9ff2</load_address>
         <run_address>0x9ff2</run_address>
         <size>0x5e</size>
         <input_file_ref idref="fl-6"/>
      </object_component>
      <object_component id="oc-383">
         <name>.text:_Z17multi_adc_averageh</name>
         <load_address>0xa050</load_address>
         <run_address>0xa050</run_address>
         <size>0x5c</size>
         <input_file_ref idref="fl-5"/>
      </object_component>
      <object_component id="oc-513">
         <name>.text:l_lsr_const</name>
         <load_address>0xa0ac</load_address>
         <run_address>0xa0ac</run_address>
         <size>0x5c</size>
         <input_file_ref idref="fl-30"/>
      </object_component>
      <object_component id="oc-45f">
         <name>.text:_Z17get_battery_valuev</name>
         <load_address>0xa108</load_address>
         <run_address>0xa108</run_address>
         <size>0x58</size>
         <input_file_ref idref="fl-5"/>
      </object_component>
      <object_component id="oc-450">
         <name>.text</name>
         <load_address>0xa160</load_address>
         <run_address>0xa160</run_address>
         <size>0x58</size>
         <input_file_ref idref="fl-22"/>
      </object_component>
      <object_component id="oc-480">
         <name>.text:_Z12weight_lowerv</name>
         <load_address>0xa1b8</load_address>
         <run_address>0xa1b8</run_address>
         <size>0x54</size>
         <input_file_ref idref="fl-5"/>
      </object_component>
      <object_component id="oc-268">
         <name>.text:_Z13enter_lp_modev</name>
         <load_address>0xa20c</load_address>
         <run_address>0xa20c</run_address>
         <size>0x54</size>
         <input_file_ref idref="fl-4"/>
      </object_component>
      <object_component id="oc-47a">
         <name>.text:_Z13weight_higherv</name>
         <load_address>0xa260</load_address>
         <run_address>0xa260</run_address>
         <size>0x54</size>
         <input_file_ref idref="fl-5"/>
      </object_component>
      <object_component id="oc-256">
         <name>.text:_Z17ads1230_Calibratev</name>
         <load_address>0xa2b4</load_address>
         <run_address>0xa2b4</run_address>
         <size>0x54</size>
         <input_file_ref idref="fl-5"/>
      </object_component>
      <object_component id="oc-3cb">
         <name>.text:_Z26calibrate_success_indicatev</name>
         <load_address>0xa308</load_address>
         <run_address>0xa308</run_address>
         <size>0x50</size>
         <input_file_ref idref="fl-5"/>
      </object_component>
      <object_component id="oc-23b">
         <name>.text:_Z4stoph</name>
         <load_address>0xa358</load_address>
         <run_address>0xa358</run_address>
         <size>0x50</size>
         <input_file_ref idref="fl-5"/>
      </object_component>
      <object_component id="oc-24a">
         <name>.text:_Z9beep_beeph</name>
         <load_address>0xa3a8</load_address>
         <run_address>0xa3a8</run_address>
         <size>0x50</size>
         <input_file_ref idref="fl-5"/>
      </object_component>
      <object_component id="oc-496">
         <name>.text</name>
         <load_address>0xa3f8</load_address>
         <run_address>0xa3f8</run_address>
         <size>0x4c</size>
         <input_file_ref idref="fl-27"/>
      </object_component>
      <object_component id="oc-b1">
         <name>.text</name>
         <load_address>0xa444</load_address>
         <run_address>0xa444</run_address>
         <size>0x4c</size>
         <input_file_ref idref="fl-47"/>
      </object_component>
      <object_component id="oc-491">
         <name>.text</name>
         <load_address>0xa490</load_address>
         <run_address>0xa490</run_address>
         <size>0x4a</size>
         <input_file_ref idref="fl-25"/>
      </object_component>
      <object_component id="oc-50c">
         <name>.text:_Z16cal_led_indicatev</name>
         <load_address>0xa4da</load_address>
         <run_address>0xa4da</run_address>
         <size>0x48</size>
         <input_file_ref idref="fl-5"/>
      </object_component>
      <object_component id="oc-32f">
         <name>.text:_Z18CC1101ReadMultiReghPhh</name>
         <load_address>0xa522</load_address>
         <run_address>0xa522</run_address>
         <size>0x48</size>
         <input_file_ref idref="fl-2"/>
      </object_component>
      <object_component id="oc-506">
         <name>.text:_ZN29_INTERNAL_8_task_cpp_68e3960b17read_weightSensorEv</name>
         <load_address>0xa56a</load_address>
         <run_address>0xa56a</run_address>
         <size>0x44</size>
         <input_file_ref idref="fl-5"/>
      </object_component>
      <object_component id="oc-27b">
         <name>.text:__TI_auto_init_nobinit_nopinit:__TI_auto_init_nobinit_nopinit</name>
         <load_address>0xa5ae</load_address>
         <run_address>0xa5ae</run_address>
         <size>0x42</size>
         <input_file_ref idref="fl-33"/>
      </object_component>
      <object_component id="oc-33f">
         <name>.text:_Z9write_SegjPhh</name>
         <load_address>0xa5f0</load_address>
         <run_address>0xa5f0</run_address>
         <size>0x3e</size>
         <input_file_ref idref="fl-3"/>
      </object_component>
      <object_component id="oc-564">
         <name>.text:l_asr_const</name>
         <load_address>0xa62e</load_address>
         <run_address>0xa62e</run_address>
         <size>0x3e</size>
         <input_file_ref idref="fl-4c"/>
      </object_component>
      <object_component id="oc-438">
         <name>.text:l_lsl_const</name>
         <load_address>0xa66c</load_address>
         <run_address>0xa66c</run_address>
         <size>0x3e</size>
         <input_file_ref idref="fl-2f"/>
      </object_component>
      <object_component id="oc-d9">
         <name>.text:_Z9PORT2_ISRv</name>
         <load_address>0xa6aa</load_address>
         <run_address>0xa6aa</run_address>
         <size>0x3c</size>
         <input_file_ref idref="fl-4"/>
      </object_component>
      <object_component id="oc-206">
         <name>.text:_Z15CC1101SetTRMode6TRMODE</name>
         <load_address>0xa6e6</load_address>
         <run_address>0xa6e6</run_address>
         <size>0x3a</size>
         <input_file_ref idref="fl-2"/>
      </object_component>
      <object_component id="oc-361">
         <name>.text:_Z11init_cc1101v</name>
         <load_address>0xa720</load_address>
         <run_address>0xa720</run_address>
         <size>0x38</size>
         <input_file_ref idref="fl-2"/>
      </object_component>
      <object_component id="oc-353">
         <name>.text:_Z16SPI_ExchangeByteh</name>
         <load_address>0xa758</load_address>
         <run_address>0xa758</run_address>
         <size>0x38</size>
         <input_file_ref idref="fl-2"/>
      </object_component>
      <object_component id="oc-4eb">
         <name>.text:_Z19CC1101WriteMultiReghPhh</name>
         <load_address>0xa790</load_address>
         <run_address>0xa790</run_address>
         <size>0x34</size>
         <input_file_ref idref="fl-2"/>
      </object_component>
      <object_component id="oc-250">
         <name>.text:_Z7band_opv</name>
         <load_address>0xa7c4</load_address>
         <run_address>0xa7c4</run_address>
         <size>0x32</size>
         <input_file_ref idref="fl-4"/>
      </object_component>
      <object_component id="oc-37b">
         <name>.text:_Z12mem_16u_movePjS_hj</name>
         <load_address>0xa7f6</load_address>
         <run_address>0xa7f6</run_address>
         <size>0x2e</size>
         <input_file_ref idref="fl-5"/>
      </object_component>
      <object_component id="oc-3d9">
         <name>.text:_Z28cc1101_enter_power_down_modev</name>
         <load_address>0xa824</load_address>
         <run_address>0xa824</run_address>
         <size>0x2c</size>
         <input_file_ref idref="fl-2"/>
      </object_component>
      <object_component id="oc-520">
         <name>.text</name>
         <load_address>0xa850</load_address>
         <run_address>0xa850</run_address>
         <size>0x2c</size>
         <input_file_ref idref="fl-45"/>
      </object_component>
      <object_component id="oc-ac">
         <name>.text</name>
         <load_address>0xa87c</load_address>
         <run_address>0xa87c</run_address>
         <size>0x2c</size>
         <input_file_ref idref="fl-46"/>
      </object_component>
      <object_component id="oc-4f3">
         <name>.text:_Z11CC1101Resetv</name>
         <load_address>0xa8a8</load_address>
         <run_address>0xa8a8</run_address>
         <size>0x26</size>
         <input_file_ref idref="fl-2"/>
      </object_component>
      <object_component id="oc-262">
         <name>.text:_Z18cc1101_set_channelh</name>
         <load_address>0xa8ce</load_address>
         <run_address>0xa8ce</run_address>
         <size>0x26</size>
         <input_file_ref idref="fl-2"/>
      </object_component>
      <object_component id="oc-345">
         <name>.text:_Z8buf_compPhS_h</name>
         <load_address>0xa8f4</load_address>
         <run_address>0xa8f4</run_address>
         <size>0x26</size>
         <input_file_ref idref="fl-5"/>
      </object_component>
      <object_component id="oc-44b">
         <name>.text</name>
         <load_address>0xa91a</load_address>
         <run_address>0xa91a</run_address>
         <size>0x26</size>
         <input_file_ref idref="fl-31"/>
      </object_component>
      <object_component id="oc-f6">
         <name>.text:_Z7Timer_Bv</name>
         <load_address>0xa940</load_address>
         <run_address>0xa940</run_address>
         <size>0x24</size>
         <input_file_ref idref="fl-6"/>
      </object_component>
      <object_component id="oc-487">
         <name>.text</name>
         <load_address>0xa964</load_address>
         <run_address>0xa964</run_address>
         <size>0x24</size>
         <input_file_ref idref="fl-28"/>
      </object_component>
      <object_component id="oc-4fc">
         <name>.text:_Z13CC1101SetSYNCj</name>
         <load_address>0xa988</load_address>
         <run_address>0xa988</run_address>
         <size>0x20</size>
         <input_file_ref idref="fl-2"/>
      </object_component>
      <object_component id="oc-25c">
         <name>.text:_Z10read_flashjPhh</name>
         <load_address>0xa9a8</load_address>
         <run_address>0xa9a8</run_address>
         <size>0x1e</size>
         <input_file_ref idref="fl-3"/>
      </object_component>
      <object_component id="oc-10e">
         <name>.text:_c_int00_noargs</name>
         <load_address>0xa9c6</load_address>
         <run_address>0xa9c6</run_address>
         <size>0x1c</size>
         <input_file_ref idref="fl-32"/>
      </object_component>
      <object_component id="oc-323">
         <name>.text:_Z13CC1101ReadRegh</name>
         <load_address>0xa9e2</load_address>
         <run_address>0xa9e2</run_address>
         <size>0x1a</size>
         <input_file_ref idref="fl-2"/>
      </object_component>
      <object_component id="oc-34c">
         <name>.text:_Z14CC1101WriteReghh</name>
         <load_address>0xa9fc</load_address>
         <run_address>0xa9fc</run_address>
         <size>0x1a</size>
         <input_file_ref idref="fl-2"/>
      </object_component>
      <object_component id="oc-421">
         <name>.text:_Z16CC1101ReadStatush</name>
         <load_address>0xaa16</load_address>
         <run_address>0xaa16</run_address>
         <size>0x1a</size>
         <input_file_ref idref="fl-2"/>
      </object_component>
      <object_component id="oc-3a2">
         <name>.text:_Z11mem_16u_setPjjh</name>
         <load_address>0xaa30</load_address>
         <run_address>0xaa30</run_address>
         <size>0x16</size>
         <input_file_ref idref="fl-5"/>
      </object_component>
      <object_component id="oc-fc">
         <name>.text:decompress:ZI:__TI_zero_init_nomemset:__TI_zero_init_nomemset</name>
         <load_address>0xaa46</load_address>
         <run_address>0xaa46</run_address>
         <size>0x14</size>
         <input_file_ref idref="fl-34"/>
      </object_component>
      <object_component id="oc-1eb">
         <name>.text:memset</name>
         <load_address>0xaa5a</load_address>
         <run_address>0xaa5a</run_address>
         <size>0x14</size>
         <input_file_ref idref="fl-44"/>
      </object_component>
      <object_component id="oc-471">
         <name>.text:__mspabi_fixdu</name>
         <load_address>0xaa6e</load_address>
         <run_address>0xaa6e</run_address>
         <size>0x12</size>
         <input_file_ref idref="fl-3b"/>
      </object_component>
      <object_component id="oc-38">
         <name>.text:decompress:none:__TI_decompress_none</name>
         <load_address>0xaa80</load_address>
         <run_address>0xaa80</run_address>
         <size>0x12</size>
         <input_file_ref idref="fl-39"/>
      </object_component>
      <object_component id="oc-56d">
         <name>.text:l_lsr</name>
         <load_address>0xaa92</load_address>
         <run_address>0xaa92</run_address>
         <size>0x12</size>
         <input_file_ref idref="fl-30"/>
      </object_component>
      <object_component id="oc-c6">
         <name>.text:memcpy</name>
         <load_address>0xaaa4</load_address>
         <run_address>0xaaa4</run_address>
         <size>0x12</size>
         <input_file_ref idref="fl-43"/>
      </object_component>
      <object_component id="oc-31d">
         <name>.text:_Z14CC1101GetRXCntv</name>
         <load_address>0xaab6</load_address>
         <run_address>0xaab6</run_address>
         <size>0x10</size>
         <input_file_ref idref="fl-2"/>
      </object_component>
      <object_component id="oc-b6">
         <name>.text</name>
         <load_address>0xaac6</load_address>
         <run_address>0xaac6</run_address>
         <size>0x10</size>
         <input_file_ref idref="fl-23"/>
      </object_component>
      <object_component id="oc-20d">
         <name>.text:_Z14CC1101WriteCmdh</name>
         <load_address>0xaad6</load_address>
         <run_address>0xaad6</run_address>
         <size>0xe</size>
         <input_file_ref idref="fl-2"/>
      </object_component>
      <object_component id="oc-329">
         <name>.text:_Z15CC1101ClrRXBuffv</name>
         <load_address>0xaae4</load_address>
         <run_address>0xaae4</run_address>
         <size>0xe</size>
         <input_file_ref idref="fl-2"/>
      </object_component>
      <object_component id="oc-4e5">
         <name>.text:_Z15CC1101ClrTXBuffv</name>
         <load_address>0xaaf2</load_address>
         <run_address>0xaaf2</run_address>
         <size>0xe</size>
         <input_file_ref idref="fl-2"/>
      </object_component>
      <object_component id="oc-186">
         <name>.text:_Z13CC1101SetIdlev</name>
         <load_address>0xab00</load_address>
         <run_address>0xab00</run_address>
         <size>0xa</size>
         <input_file_ref idref="fl-2"/>
      </object_component>
      <object_component id="oc-166">
         <name>.text:_Z14local_ticktimev</name>
         <load_address>0xab0a</load_address>
         <run_address>0xab0a</run_address>
         <size>0xa</size>
         <input_file_ref idref="fl-6"/>
      </object_component>
      <object_component id="oc-160">
         <name>.text:_Z20reset_local_ticktimev</name>
         <load_address>0xab14</load_address>
         <run_address>0xab14</run_address>
         <size>0xa</size>
         <input_file_ref idref="fl-6"/>
      </object_component>
      <object_component id="oc-e5">
         <name>.text:_isr:__TI_ISR_TRAP</name>
         <load_address>0xab1e</load_address>
         <run_address>0xab1e</run_address>
         <size>0x8</size>
         <input_file_ref idref="fl-2e"/>
      </object_component>
      <object_component id="oc-df">
         <name>.text:_Z9ADC10_ISRv</name>
         <load_address>0xab26</load_address>
         <run_address>0xab26</run_address>
         <size>0x6</size>
         <input_file_ref idref="fl-5"/>
      </object_component>
      <object_component id="oc-465">
         <name>.text:__mspabi_fltud</name>
         <load_address>0xab2c</load_address>
         <run_address>0xab2c</run_address>
         <size>0x6</size>
         <input_file_ref idref="fl-3d"/>
      </object_component>
      <object_component id="oc-26f">
         <name>.text:abort</name>
         <load_address>0xab32</load_address>
         <run_address>0xab32</run_address>
         <size>0x6</size>
         <input_file_ref idref="fl-40"/>
      </object_component>
      <object_component id="oc-19d">
         <name>.text:_system_pre_init</name>
         <load_address>0xab38</load_address>
         <run_address>0xab38</run_address>
         <size>0x4</size>
         <input_file_ref idref="fl-37"/>
      </object_component>
      <object_component id="oc-3f2">
         <name>.text:_system_post_cinit</name>
         <load_address>0xab3c</load_address>
         <run_address>0xab3c</run_address>
         <size>0x2</size>
         <input_file_ref idref="fl-38"/>
      </object_component>
      <object_component id="oc-5bc">
         <name>.cinit..data.load</name>
         <load_address>0xaba6</load_address>
         <run_address>0xaba6</run_address>
         <size>0x16</size>
      </object_component>
      <object_component id="oc-5b9">
         <name>__TI_handler_table</name>
         <load_address>0xabbc</load_address>
         <run_address>0xabbc</run_address>
         <size>0x6</size>
      </object_component>
      <object_component id="oc-5bb">
         <name>.cinit..bss.load</name>
         <load_address>0xabc2</load_address>
         <run_address>0xabc2</run_address>
         <size>0x4</size>
      </object_component>
      <object_component id="oc-5ba">
         <name>__TI_cinit_table</name>
         <load_address>0xabc6</load_address>
         <run_address>0xabc6</run_address>
         <size>0x8</size>
      </object_component>
      <object_component id="oc-4f9">
         <name>.const:CC1101InitData</name>
         <load_address>0xab3e</load_address>
         <run_address>0xab3e</run_address>
         <size>0x38</size>
         <input_file_ref idref="fl-2"/>
      </object_component>
      <object_component id="oc-458">
         <name>.const:ConstEmptyWeight</name>
         <load_address>0xab76</load_address>
         <run_address>0xab76</run_address>
         <size>0xc</size>
         <input_file_ref idref="fl-5"/>
      </object_component>
      <object_component id="oc-3d5">
         <name>.const:.string:Channel_Table</name>
         <load_address>0xab82</load_address>
         <run_address>0xab82</run_address>
         <size>0xa</size>
         <input_file_ref idref="fl-2"/>
      </object_component>
      <object_component id="oc-42b">
         <name>.const:.string:$P$T0$3</name>
         <load_address>0xab8c</load_address>
         <run_address>0xab8c</run_address>
         <size>0x9</size>
         <input_file_ref idref="fl-5"/>
      </object_component>
      <object_component id="oc-4a5">
         <name>.const:.string:$P$T0$4</name>
         <load_address>0xab96</load_address>
         <run_address>0xab96</run_address>
         <size>0x7</size>
         <input_file_ref idref="fl-4"/>
      </object_component>
      <object_component id="oc-4a9">
         <name>.const:.string:$P$T1$5</name>
         <load_address>0xab9e</load_address>
         <run_address>0xab9e</run_address>
         <size>0x7</size>
         <input_file_ref idref="fl-4"/>
      </object_component>
      <object_component id="oc-57b">
         <name>.binit</name>
         <load_address>0x8000</load_address>
         <run_address>0x8000</run_address>
         <size>0x0</size>
      </object_component>
      <object_component id="oc-3e">
         <name>.int02</name>
         <load_address>0xffe4</load_address>
         <run_address>0xffe4</run_address>
         <size>0x2</size>
         <input_file_ref idref="fl-4"/>
      </object_component>
      <object_component id="oc-3f">
         <name>.int03</name>
         <load_address>0xffe6</load_address>
         <run_address>0xffe6</run_address>
         <size>0x2</size>
         <input_file_ref idref="fl-4"/>
      </object_component>
      <object_component id="oc-40">
         <name>.int05</name>
         <load_address>0xffea</load_address>
         <run_address>0xffea</run_address>
         <size>0x2</size>
         <input_file_ref idref="fl-5"/>
      </object_component>
      <object_component id="oc-41">
         <name>.int06</name>
         <load_address>0xffec</load_address>
         <run_address>0xffec</run_address>
         <size>0x2</size>
         <input_file_ref idref="fl-29"/>
      </object_component>
      <object_component id="oc-42">
         <name>.int07</name>
         <load_address>0xffee</load_address>
         <run_address>0xffee</run_address>
         <size>0x2</size>
         <input_file_ref idref="fl-2a"/>
      </object_component>
      <object_component id="oc-43">
         <name>.int08</name>
         <load_address>0xfff0</load_address>
         <run_address>0xfff0</run_address>
         <size>0x2</size>
         <input_file_ref idref="fl-2b"/>
      </object_component>
      <object_component id="oc-44">
         <name>.int09</name>
         <load_address>0xfff2</load_address>
         <run_address>0xfff2</run_address>
         <size>0x2</size>
         <input_file_ref idref="fl-6"/>
      </object_component>
      <object_component id="oc-45">
         <name>.int10</name>
         <load_address>0xfff4</load_address>
         <run_address>0xfff4</run_address>
         <size>0x2</size>
         <input_file_ref idref="fl-4"/>
      </object_component>
      <object_component id="oc-46">
         <name>.int12</name>
         <load_address>0xfff8</load_address>
         <run_address>0xfff8</run_address>
         <size>0x2</size>
         <input_file_ref idref="fl-2c"/>
      </object_component>
      <object_component id="oc-47">
         <name>.int13</name>
         <load_address>0xfffa</load_address>
         <run_address>0xfffa</run_address>
         <size>0x2</size>
         <input_file_ref idref="fl-6"/>
      </object_component>
      <object_component id="oc-48">
         <name>.int14</name>
         <load_address>0xfffc</load_address>
         <run_address>0xfffc</run_address>
         <size>0x2</size>
         <input_file_ref idref="fl-2d"/>
      </object_component>
      <object_component id="oc-ab">
         <name>.reset</name>
         <load_address>0xfffe</load_address>
         <run_address>0xfffe</run_address>
         <size>0x2</size>
         <input_file_ref idref="fl-32"/>
      </object_component>
      <object_component id="oc-319">
         <name>.debug_info</name>
         <load_address>0x0</load_address>
         <run_address>0x0</run_address>
         <size>0x3a9</size>
         <input_file_ref idref="fl-2"/>
      </object_component>
      <object_component id="oc-17a">
         <name>.debug_info</name>
         <load_address>0x3a9</load_address>
         <run_address>0x3a9</run_address>
         <size>0xe7</size>
         <input_file_ref idref="fl-2"/>
      </object_component>
      <object_component id="oc-3d6">
         <name>.debug_info</name>
         <load_address>0x490</load_address>
         <run_address>0x490</run_address>
         <size>0xcf</size>
         <input_file_ref idref="fl-2"/>
      </object_component>
      <object_component id="oc-503">
         <name>.debug_info</name>
         <load_address>0x55f</load_address>
         <run_address>0x55f</run_address>
         <size>0xc4</size>
         <input_file_ref idref="fl-2"/>
      </object_component>
      <object_component id="oc-4fa">
         <name>.debug_info</name>
         <load_address>0x623</load_address>
         <run_address>0x623</run_address>
         <size>0xd1</size>
         <input_file_ref idref="fl-2"/>
      </object_component>
      <object_component id="oc-354">
         <name>.debug_info</name>
         <load_address>0x6f4</load_address>
         <run_address>0x6f4</run_address>
         <size>0x155</size>
         <input_file_ref idref="fl-2"/>
      </object_component>
      <object_component id="oc-34d">
         <name>.debug_info</name>
         <load_address>0x849</load_address>
         <run_address>0x849</run_address>
         <size>0x179</size>
         <input_file_ref idref="fl-2"/>
      </object_component>
      <object_component id="oc-20f">
         <name>.debug_info</name>
         <load_address>0x9c2</load_address>
         <run_address>0x9c2</run_address>
         <size>0x13c</size>
         <input_file_ref idref="fl-2"/>
      </object_component>
      <object_component id="oc-188">
         <name>.debug_info</name>
         <load_address>0xafe</load_address>
         <run_address>0xafe</run_address>
         <size>0x124</size>
         <input_file_ref idref="fl-2"/>
      </object_component>
      <object_component id="oc-3db">
         <name>.debug_info</name>
         <load_address>0xc22</load_address>
         <run_address>0xc22</run_address>
         <size>0x1ac</size>
         <input_file_ref idref="fl-2"/>
      </object_component>
      <object_component id="oc-4ed">
         <name>.debug_info</name>
         <load_address>0xdce</load_address>
         <run_address>0xdce</run_address>
         <size>0x1ae</size>
         <input_file_ref idref="fl-2"/>
      </object_component>
      <object_component id="oc-264">
         <name>.debug_info</name>
         <load_address>0xf7c</load_address>
         <run_address>0xf7c</run_address>
         <size>0x176</size>
         <input_file_ref idref="fl-2"/>
      </object_component>
      <object_component id="oc-331">
         <name>.debug_info</name>
         <load_address>0x10f2</load_address>
         <run_address>0x10f2</run_address>
         <size>0x1b7</size>
         <input_file_ref idref="fl-2"/>
      </object_component>
      <object_component id="oc-325">
         <name>.debug_info</name>
         <load_address>0x12a9</load_address>
         <run_address>0x12a9</run_address>
         <size>0x154</size>
         <input_file_ref idref="fl-2"/>
      </object_component>
      <object_component id="oc-208">
         <name>.debug_info</name>
         <load_address>0x13fd</load_address>
         <run_address>0x13fd</run_address>
         <size>0x1b2</size>
         <input_file_ref idref="fl-2"/>
      </object_component>
      <object_component id="oc-4e7">
         <name>.debug_info</name>
         <load_address>0x15af</load_address>
         <run_address>0x15af</run_address>
         <size>0x141</size>
         <input_file_ref idref="fl-2"/>
      </object_component>
      <object_component id="oc-430">
         <name>.debug_info</name>
         <load_address>0x16f0</load_address>
         <run_address>0x16f0</run_address>
         <size>0x323</size>
         <input_file_ref idref="fl-2"/>
      </object_component>
      <object_component id="oc-423">
         <name>.debug_info</name>
         <load_address>0x1a13</load_address>
         <run_address>0x1a13</run_address>
         <size>0x15a</size>
         <input_file_ref idref="fl-2"/>
      </object_component>
      <object_component id="oc-31f">
         <name>.debug_info</name>
         <load_address>0x1b6d</load_address>
         <run_address>0x1b6d</run_address>
         <size>0x12c</size>
         <input_file_ref idref="fl-2"/>
      </object_component>
      <object_component id="oc-32b">
         <name>.debug_info</name>
         <load_address>0x1c99</load_address>
         <run_address>0x1c99</run_address>
         <size>0x141</size>
         <input_file_ref idref="fl-2"/>
      </object_component>
      <object_component id="oc-1f3">
         <name>.debug_info</name>
         <load_address>0x1dda</load_address>
         <run_address>0x1dda</run_address>
         <size>0x2ba</size>
         <input_file_ref idref="fl-2"/>
      </object_component>
      <object_component id="oc-4fe">
         <name>.debug_info</name>
         <load_address>0x2094</load_address>
         <run_address>0x2094</run_address>
         <size>0x162</size>
         <input_file_ref idref="fl-2"/>
      </object_component>
      <object_component id="oc-4f4">
         <name>.debug_info</name>
         <load_address>0x21f6</load_address>
         <run_address>0x21f6</run_address>
         <size>0x129</size>
         <input_file_ref idref="fl-2"/>
      </object_component>
      <object_component id="oc-43f">
         <name>.debug_info</name>
         <load_address>0x231f</load_address>
         <run_address>0x231f</run_address>
         <size>0x1f2</size>
         <input_file_ref idref="fl-2"/>
      </object_component>
      <object_component id="oc-362">
         <name>.debug_info</name>
         <load_address>0x2511</load_address>
         <run_address>0x2511</run_address>
         <size>0x130</size>
         <input_file_ref idref="fl-2"/>
      </object_component>
      <object_component id="oc-1e2">
         <name>.debug_info</name>
         <load_address>0x2641</load_address>
         <run_address>0x2641</run_address>
         <size>0xb8</size>
         <input_file_ref idref="fl-2"/>
      </object_component>
      <object_component id="oc-1d4">
         <name>.debug_info</name>
         <load_address>0x26f9</load_address>
         <run_address>0x26f9</run_address>
         <size>0x3af</size>
         <input_file_ref idref="fl-2"/>
      </object_component>
      <object_component id="oc-c1">
         <name>.debug_info</name>
         <load_address>0x2aa8</load_address>
         <run_address>0x2aa8</run_address>
         <size>0x84</size>
         <input_file_ref idref="fl-2"/>
      </object_component>
      <object_component id="oc-2bf">
         <name>.debug_info</name>
         <load_address>0x2b2c</load_address>
         <run_address>0x2b2c</run_address>
         <size>0x2c</size>
         <input_file_ref idref="fl-2"/>
      </object_component>
      <object_component id="oc-3d3">
         <name>.debug_info</name>
         <load_address>0x2b58</load_address>
         <run_address>0x2b58</run_address>
         <size>0x17e</size>
         <input_file_ref idref="fl-3"/>
      </object_component>
      <object_component id="oc-341">
         <name>.debug_info</name>
         <load_address>0x2cd6</load_address>
         <run_address>0x2cd6</run_address>
         <size>0x171</size>
         <input_file_ref idref="fl-3"/>
      </object_component>
      <object_component id="oc-25e">
         <name>.debug_info</name>
         <load_address>0x2e47</load_address>
         <run_address>0x2e47</run_address>
         <size>0x16a</size>
         <input_file_ref idref="fl-3"/>
      </object_component>
      <object_component id="oc-16d">
         <name>.debug_info</name>
         <load_address>0x2fb1</load_address>
         <run_address>0x2fb1</run_address>
         <size>0xd1d</size>
         <input_file_ref idref="fl-4"/>
      </object_component>
      <object_component id="oc-15e">
         <name>.debug_info</name>
         <load_address>0x3cce</load_address>
         <run_address>0x3cce</run_address>
         <size>0x17f</size>
         <input_file_ref idref="fl-4"/>
      </object_component>
      <object_component id="oc-4a6">
         <name>.debug_info</name>
         <load_address>0x3e4d</load_address>
         <run_address>0x3e4d</run_address>
         <size>0xc1</size>
         <input_file_ref idref="fl-4"/>
      </object_component>
      <object_component id="oc-4aa">
         <name>.debug_info</name>
         <load_address>0x3f0e</load_address>
         <run_address>0x3f0e</run_address>
         <size>0xc1</size>
         <input_file_ref idref="fl-4"/>
      </object_component>
      <object_component id="oc-35d">
         <name>.debug_info</name>
         <load_address>0x3fcf</load_address>
         <run_address>0x3fcf</run_address>
         <size>0x206</size>
         <input_file_ref idref="fl-4"/>
      </object_component>
      <object_component id="oc-21d">
         <name>.debug_info</name>
         <load_address>0x41d5</load_address>
         <run_address>0x41d5</run_address>
         <size>0x17f</size>
         <input_file_ref idref="fl-4"/>
      </object_component>
      <object_component id="oc-223">
         <name>.debug_info</name>
         <load_address>0x4354</load_address>
         <run_address>0x4354</run_address>
         <size>0x10f</size>
         <input_file_ref idref="fl-4"/>
      </object_component>
      <object_component id="oc-15b">
         <name>.debug_info</name>
         <load_address>0x4463</load_address>
         <run_address>0x4463</run_address>
         <size>0x193</size>
         <input_file_ref idref="fl-4"/>
      </object_component>
      <object_component id="oc-3b4">
         <name>.debug_info</name>
         <load_address>0x45f6</load_address>
         <run_address>0x45f6</run_address>
         <size>0x1dc</size>
         <input_file_ref idref="fl-4"/>
      </object_component>
      <object_component id="oc-202">
         <name>.debug_info</name>
         <load_address>0x47d2</load_address>
         <run_address>0x47d2</run_address>
         <size>0x202</size>
         <input_file_ref idref="fl-4"/>
      </object_component>
      <object_component id="oc-3ba">
         <name>.debug_info</name>
         <load_address>0x49d4</load_address>
         <run_address>0x49d4</run_address>
         <size>0x179</size>
         <input_file_ref idref="fl-4"/>
      </object_component>
      <object_component id="oc-252">
         <name>.debug_info</name>
         <load_address>0x4b4d</load_address>
         <run_address>0x4b4d</run_address>
         <size>0x185</size>
         <input_file_ref idref="fl-4"/>
      </object_component>
      <object_component id="oc-269">
         <name>.debug_info</name>
         <load_address>0x4cd2</load_address>
         <run_address>0x4cd2</run_address>
         <size>0x129</size>
         <input_file_ref idref="fl-4"/>
      </object_component>
      <object_component id="oc-1a4">
         <name>.debug_info</name>
         <load_address>0x4dfb</load_address>
         <run_address>0x4dfb</run_address>
         <size>0x2af</size>
         <input_file_ref idref="fl-4"/>
      </object_component>
      <object_component id="oc-17d">
         <name>.debug_info</name>
         <load_address>0x50aa</load_address>
         <run_address>0x50aa</run_address>
         <size>0x1d4</size>
         <input_file_ref idref="fl-4"/>
      </object_component>
      <object_component id="oc-da">
         <name>.debug_info</name>
         <load_address>0x527e</load_address>
         <run_address>0x527e</run_address>
         <size>0x126</size>
         <input_file_ref idref="fl-4"/>
      </object_component>
      <object_component id="oc-d4">
         <name>.debug_info</name>
         <load_address>0x53a4</load_address>
         <run_address>0x53a4</run_address>
         <size>0x1b4</size>
         <input_file_ref idref="fl-4"/>
      </object_component>
      <object_component id="oc-f1">
         <name>.debug_info</name>
         <load_address>0x5558</load_address>
         <run_address>0x5558</run_address>
         <size>0x107</size>
         <input_file_ref idref="fl-4"/>
      </object_component>
      <object_component id="oc-174">
         <name>.debug_info</name>
         <load_address>0x565f</load_address>
         <run_address>0x565f</run_address>
         <size>0x8b</size>
         <input_file_ref idref="fl-4"/>
      </object_component>
      <object_component id="oc-1dd">
         <name>.debug_info</name>
         <load_address>0x56ea</load_address>
         <run_address>0x56ea</run_address>
         <size>0x198</size>
         <input_file_ref idref="fl-4"/>
      </object_component>
      <object_component id="oc-1ce">
         <name>.debug_info</name>
         <load_address>0x5882</load_address>
         <run_address>0x5882</run_address>
         <size>0x30d4</size>
         <input_file_ref idref="fl-5"/>
      </object_component>
      <object_component id="oc-1fe">
         <name>.debug_info</name>
         <load_address>0x8956</load_address>
         <run_address>0x8956</run_address>
         <size>0xc8</size>
         <input_file_ref idref="fl-5"/>
      </object_component>
      <object_component id="oc-248">
         <name>.debug_info</name>
         <load_address>0x8a1e</load_address>
         <run_address>0x8a1e</run_address>
         <size>0xc4</size>
         <input_file_ref idref="fl-5"/>
      </object_component>
      <object_component id="oc-18d">
         <name>.debug_info</name>
         <load_address>0x8ae2</load_address>
         <run_address>0x8ae2</run_address>
         <size>0xc6</size>
         <input_file_ref idref="fl-5"/>
      </object_component>
      <object_component id="oc-155">
         <name>.debug_info</name>
         <load_address>0x8ba8</load_address>
         <run_address>0x8ba8</run_address>
         <size>0x16e</size>
         <input_file_ref idref="fl-5"/>
      </object_component>
      <object_component id="oc-3a9">
         <name>.debug_info</name>
         <load_address>0x8d16</load_address>
         <run_address>0x8d16</run_address>
         <size>0xd5</size>
         <input_file_ref idref="fl-5"/>
      </object_component>
      <object_component id="oc-370">
         <name>.debug_info</name>
         <load_address>0x8deb</load_address>
         <run_address>0x8deb</run_address>
         <size>0xf5</size>
         <input_file_ref idref="fl-5"/>
      </object_component>
      <object_component id="oc-459">
         <name>.debug_info</name>
         <load_address>0x8ee0</load_address>
         <run_address>0x8ee0</run_address>
         <size>0xd3</size>
         <input_file_ref idref="fl-5"/>
      </object_component>
      <object_component id="oc-379">
         <name>.debug_info</name>
         <load_address>0x8fb3</load_address>
         <run_address>0x8fb3</run_address>
         <size>0xd0</size>
         <input_file_ref idref="fl-5"/>
      </object_component>
      <object_component id="oc-42c">
         <name>.debug_info</name>
         <load_address>0x9083</load_address>
         <run_address>0x9083</run_address>
         <size>0xc2</size>
         <input_file_ref idref="fl-5"/>
      </object_component>
      <object_component id="oc-460">
         <name>.debug_info</name>
         <load_address>0x9145</load_address>
         <run_address>0x9145</run_address>
         <size>0x167</size>
         <input_file_ref idref="fl-5"/>
      </object_component>
      <object_component id="oc-384">
         <name>.debug_info</name>
         <load_address>0x92ac</load_address>
         <run_address>0x92ac</run_address>
         <size>0x1bd</size>
         <input_file_ref idref="fl-5"/>
      </object_component>
      <object_component id="oc-3c0">
         <name>.debug_info</name>
         <load_address>0x9469</load_address>
         <run_address>0x9469</run_address>
         <size>0x120</size>
         <input_file_ref idref="fl-5"/>
      </object_component>
      <object_component id="oc-507">
         <name>.debug_info</name>
         <load_address>0x9589</load_address>
         <run_address>0x9589</run_address>
         <size>0x149</size>
         <input_file_ref idref="fl-5"/>
      </object_component>
      <object_component id="oc-55b">
         <name>.debug_info</name>
         <load_address>0x96d2</load_address>
         <run_address>0x96d2</run_address>
         <size>0x12a</size>
         <input_file_ref idref="fl-5"/>
      </object_component>
      <object_component id="oc-152">
         <name>.debug_info</name>
         <load_address>0x97fc</load_address>
         <run_address>0x97fc</run_address>
         <size>0x190</size>
         <input_file_ref idref="fl-5"/>
      </object_component>
      <object_component id="oc-446">
         <name>.debug_info</name>
         <load_address>0x998c</load_address>
         <run_address>0x998c</run_address>
         <size>0x288</size>
         <input_file_ref idref="fl-5"/>
      </object_component>
      <object_component id="oc-36a">
         <name>.debug_info</name>
         <load_address>0x9c14</load_address>
         <run_address>0x9c14</run_address>
         <size>0x256</size>
         <input_file_ref idref="fl-5"/>
      </object_component>
      <object_component id="oc-337">
         <name>.debug_info</name>
         <load_address>0x9e6a</load_address>
         <run_address>0x9e6a</run_address>
         <size>0x1af</size>
         <input_file_ref idref="fl-5"/>
      </object_component>
      <object_component id="oc-234">
         <name>.debug_info</name>
         <load_address>0xa019</load_address>
         <run_address>0xa019</run_address>
         <size>0x200</size>
         <input_file_ref idref="fl-5"/>
      </object_component>
      <object_component id="oc-24b">
         <name>.debug_info</name>
         <load_address>0xa219</load_address>
         <run_address>0xa219</run_address>
         <size>0x148</size>
         <input_file_ref idref="fl-5"/>
      </object_component>
      <object_component id="oc-e0">
         <name>.debug_info</name>
         <load_address>0xa361</load_address>
         <run_address>0xa361</run_address>
         <size>0xf9</size>
         <input_file_ref idref="fl-5"/>
      </object_component>
      <object_component id="oc-346">
         <name>.debug_info</name>
         <load_address>0xa45a</load_address>
         <run_address>0xa45a</run_address>
         <size>0x16b</size>
         <input_file_ref idref="fl-5"/>
      </object_component>
      <object_component id="oc-373">
         <name>.debug_info</name>
         <load_address>0xa5c5</load_address>
         <run_address>0xa5c5</run_address>
         <size>0x127</size>
         <input_file_ref idref="fl-5"/>
      </object_component>
      <object_component id="oc-3a3">
         <name>.debug_info</name>
         <load_address>0xa6ec</load_address>
         <run_address>0xa6ec</run_address>
         <size>0x16c</size>
         <input_file_ref idref="fl-5"/>
      </object_component>
      <object_component id="oc-38b">
         <name>.debug_info</name>
         <load_address>0xa858</load_address>
         <run_address>0xa858</run_address>
         <size>0x154</size>
         <input_file_ref idref="fl-5"/>
      </object_component>
      <object_component id="oc-242">
         <name>.debug_info</name>
         <load_address>0xa9ac</load_address>
         <run_address>0xa9ac</run_address>
         <size>0x1e2</size>
         <input_file_ref idref="fl-5"/>
      </object_component>
      <object_component id="oc-23c">
         <name>.debug_info</name>
         <load_address>0xab8e</load_address>
         <run_address>0xab8e</run_address>
         <size>0x17f</size>
         <input_file_ref idref="fl-5"/>
      </object_component>
      <object_component id="oc-391">
         <name>.debug_info</name>
         <load_address>0xad0d</load_address>
         <run_address>0xad0d</run_address>
         <size>0x163</size>
         <input_file_ref idref="fl-5"/>
      </object_component>
      <object_component id="oc-37c">
         <name>.debug_info</name>
         <load_address>0xae70</load_address>
         <run_address>0xae70</run_address>
         <size>0x19a</size>
         <input_file_ref idref="fl-5"/>
      </object_component>
      <object_component id="oc-47b">
         <name>.debug_info</name>
         <load_address>0xb00a</load_address>
         <run_address>0xb00a</run_address>
         <size>0x11b</size>
         <input_file_ref idref="fl-5"/>
      </object_component>
      <object_component id="oc-481">
         <name>.debug_info</name>
         <load_address>0xb125</load_address>
         <run_address>0xb125</run_address>
         <size>0x119</size>
         <input_file_ref idref="fl-5"/>
      </object_component>
      <object_component id="oc-397">
         <name>.debug_info</name>
         <load_address>0xb23e</load_address>
         <run_address>0xb23e</run_address>
         <size>0x1c2</size>
         <input_file_ref idref="fl-5"/>
      </object_component>
      <object_component id="oc-39d">
         <name>.debug_info</name>
         <load_address>0xb400</load_address>
         <run_address>0xb400</run_address>
         <size>0x268</size>
         <input_file_ref idref="fl-5"/>
      </object_component>
      <object_component id="oc-157">
         <name>.debug_info</name>
         <load_address>0xb668</load_address>
         <run_address>0xb668</run_address>
         <size>0x27f</size>
         <input_file_ref idref="fl-5"/>
      </object_component>
      <object_component id="oc-3cc">
         <name>.debug_info</name>
         <load_address>0xb8e7</load_address>
         <run_address>0xb8e7</run_address>
         <size>0x143</size>
         <input_file_ref idref="fl-5"/>
      </object_component>
      <object_component id="oc-228">
         <name>.debug_info</name>
         <load_address>0xba2a</load_address>
         <run_address>0xba2a</run_address>
         <size>0x1ae</size>
         <input_file_ref idref="fl-5"/>
      </object_component>
      <object_component id="oc-1f8">
         <name>.debug_info</name>
         <load_address>0xbbd8</load_address>
         <run_address>0xbbd8</run_address>
         <size>0x1ae</size>
         <input_file_ref idref="fl-5"/>
      </object_component>
      <object_component id="oc-3c6">
         <name>.debug_info</name>
         <load_address>0xbd86</load_address>
         <run_address>0xbd86</run_address>
         <size>0x21a</size>
         <input_file_ref idref="fl-5"/>
      </object_component>
      <object_component id="oc-257">
         <name>.debug_info</name>
         <load_address>0xbfa0</load_address>
         <run_address>0xbfa0</run_address>
         <size>0x21d</size>
         <input_file_ref idref="fl-5"/>
      </object_component>
      <object_component id="oc-2b0">
         <name>.debug_info</name>
         <load_address>0xc1bd</load_address>
         <run_address>0xc1bd</run_address>
         <size>0x142a</size>
         <input_file_ref idref="fl-5"/>
      </object_component>
      <object_component id="oc-2d3">
         <name>.debug_info</name>
         <load_address>0xd5e7</load_address>
         <run_address>0xd5e7</run_address>
         <size>0x1c0</size>
         <input_file_ref idref="fl-5"/>
      </object_component>
      <object_component id="oc-2b5">
         <name>.debug_info</name>
         <load_address>0xd7a7</load_address>
         <run_address>0xd7a7</run_address>
         <size>0x15c5</size>
         <input_file_ref idref="fl-5"/>
      </object_component>
      <object_component id="oc-2e2">
         <name>.debug_info</name>
         <load_address>0xed6c</load_address>
         <run_address>0xed6c</run_address>
         <size>0x1c6</size>
         <input_file_ref idref="fl-5"/>
      </object_component>
      <object_component id="oc-2ba">
         <name>.debug_info</name>
         <load_address>0xef32</load_address>
         <run_address>0xef32</run_address>
         <size>0x763</size>
         <input_file_ref idref="fl-5"/>
      </object_component>
      <object_component id="oc-2c9">
         <name>.debug_info</name>
         <load_address>0xf695</load_address>
         <run_address>0xf695</run_address>
         <size>0x2c</size>
         <input_file_ref idref="fl-5"/>
      </object_component>
      <object_component id="oc-2dd">
         <name>.debug_info</name>
         <load_address>0xf6c1</load_address>
         <run_address>0xf6c1</run_address>
         <size>0x54b</size>
         <input_file_ref idref="fl-5"/>
      </object_component>
      <object_component id="oc-30a">
         <name>.debug_info</name>
         <load_address>0xfc0c</load_address>
         <run_address>0xfc0c</run_address>
         <size>0x201</size>
         <input_file_ref idref="fl-5"/>
      </object_component>
      <object_component id="oc-2c4">
         <name>.debug_info</name>
         <load_address>0xfe0d</load_address>
         <run_address>0xfe0d</run_address>
         <size>0x25f</size>
         <input_file_ref idref="fl-5"/>
      </object_component>
      <object_component id="oc-2ec">
         <name>.debug_info</name>
         <load_address>0x1006c</load_address>
         <run_address>0x1006c</run_address>
         <size>0x11e</size>
         <input_file_ref idref="fl-5"/>
      </object_component>
      <object_component id="oc-314">
         <name>.debug_info</name>
         <load_address>0x1018a</load_address>
         <run_address>0x1018a</run_address>
         <size>0x1f9</size>
         <input_file_ref idref="fl-5"/>
      </object_component>
      <object_component id="oc-2e7">
         <name>.debug_info</name>
         <load_address>0x10383</load_address>
         <run_address>0x10383</run_address>
         <size>0xea</size>
         <input_file_ref idref="fl-5"/>
      </object_component>
      <object_component id="oc-2ce">
         <name>.debug_info</name>
         <load_address>0x1046d</load_address>
         <run_address>0x1046d</run_address>
         <size>0xa0a</size>
         <input_file_ref idref="fl-5"/>
      </object_component>
      <object_component id="oc-418">
         <name>.debug_info</name>
         <load_address>0x10e77</load_address>
         <run_address>0x10e77</run_address>
         <size>0x275</size>
         <input_file_ref idref="fl-5"/>
      </object_component>
      <object_component id="oc-413">
         <name>.debug_info</name>
         <load_address>0x110ec</load_address>
         <run_address>0x110ec</run_address>
         <size>0xef</size>
         <input_file_ref idref="fl-5"/>
      </object_component>
      <object_component id="oc-2d8">
         <name>.debug_info</name>
         <load_address>0x111db</load_address>
         <run_address>0x111db</run_address>
         <size>0xbb</size>
         <input_file_ref idref="fl-5"/>
      </object_component>
      <object_component id="oc-2f6">
         <name>.debug_info</name>
         <load_address>0x11296</load_address>
         <run_address>0x11296</run_address>
         <size>0x2a1</size>
         <input_file_ref idref="fl-5"/>
      </object_component>
      <object_component id="oc-305">
         <name>.debug_info</name>
         <load_address>0x11537</load_address>
         <run_address>0x11537</run_address>
         <size>0x2fe</size>
         <input_file_ref idref="fl-5"/>
      </object_component>
      <object_component id="oc-2f1">
         <name>.debug_info</name>
         <load_address>0x11835</load_address>
         <run_address>0x11835</run_address>
         <size>0x626</size>
         <input_file_ref idref="fl-5"/>
      </object_component>
      <object_component id="oc-2fb">
         <name>.debug_info</name>
         <load_address>0x11e5b</load_address>
         <run_address>0x11e5b</run_address>
         <size>0x373</size>
         <input_file_ref idref="fl-5"/>
      </object_component>
      <object_component id="oc-300">
         <name>.debug_info</name>
         <load_address>0x121ce</load_address>
         <run_address>0x121ce</run_address>
         <size>0x35</size>
         <input_file_ref idref="fl-5"/>
      </object_component>
      <object_component id="oc-30f">
         <name>.debug_info</name>
         <load_address>0x12203</load_address>
         <run_address>0x12203</run_address>
         <size>0x22d</size>
         <input_file_ref idref="fl-5"/>
      </object_component>
      <object_component id="oc-192">
         <name>.debug_info</name>
         <load_address>0x12430</load_address>
         <run_address>0x12430</run_address>
         <size>0xd4</size>
         <input_file_ref idref="fl-6"/>
      </object_component>
      <object_component id="oc-22f">
         <name>.debug_info</name>
         <load_address>0x12504</load_address>
         <run_address>0x12504</run_address>
         <size>0x14c</size>
         <input_file_ref idref="fl-6"/>
      </object_component>
[...]
      <symbol id="sm-588">
         <name>__TI_int06</name>
         <value>0xffec</value>
         <object_component_ref idref="oc-41"/>
      </symbol>
      <symbol id="sm-58b">
         <name>__TI_int07</name>
         <value>0xffee</value>
         <object_component_ref idref="oc-42"/>
      </symbol>
      <symbol id="sm-58e">
         <name>__TI_int08</name>
         <value>0xfff0</value>
         <object_component_ref idref="oc-43"/>
      </symbol>
      <symbol id="sm-591">
         <name>__TI_int12</name>
         <value>0xfff8</value>
         <object_component_ref idref="oc-46"/>
      </symbol>
      <symbol id="sm-594">
         <name>__TI_int14</name>
         <value>0xfffc</value>
         <object_component_ref idref="oc-48"/>
      </symbol>
      <symbol id="sm-59c">
         <name>__TI_ISR_TRAP</name>
         <value>0xab1e</value>
         <object_component_ref idref="oc-e5"/>
      </symbol>
      <symbol id="sm-5a4">
         <name>__mspabi_slll_9</name>
         <value>0xa684</value>
         <object_component_ref idref="oc-438"/>
      </symbol>
      <symbol id="sm-5a5">
         <name>__mspabi_slll_8</name>
         <value>0xa688</value>
         <object_component_ref idref="oc-438"/>
      </symbol>
      <symbol id="sm-5a6">
         <name>__mspabi_slll_7</name>
         <value>0xa68c</value>
         <object_component_ref idref="oc-438"/>
      </symbol>
      <symbol id="sm-5a7">
         <name>__mspabi_slll_6</name>
         <value>0xa690</value>
         <object_component_ref idref="oc-438"/>
      </symbol>
      <symbol id="sm-5a8">
         <name>__mspabi_slll_5</name>
         <value>0xa694</value>
         <object_component_ref idref="oc-438"/>
      </symbol>
      <symbol id="sm-5a9">
         <name>__mspabi_slll_4</name>
         <value>0xa698</value>
         <object_component_ref idref="oc-438"/>
      </symbol>
      <symbol id="sm-5aa">
         <name>__mspabi_slll_3</name>
         <value>0xa69c</value>
         <object_component_ref idref="oc-438"/>
      </symbol>
      <symbol id="sm-5ab">
         <name>__mspabi_slll_2</name>
         <value>0xa6a0</value>
         <object_component_ref idref="oc-438"/>
      </symbol>
      <symbol id="sm-5ac">
         <name>__mspabi_slll_1</name>
         <value>0xa6a4</value>
         <object_component_ref idref="oc-438"/>
      </symbol>
      <symbol id="sm-5ad">
         <name>__mspabi_slll_15</name>
         <value>0xa66c</value>
         <object_component_ref idref="oc-438"/>
      </symbol>
      <symbol id="sm-5ae">
         <name>__mspabi_slll_14</name>
         <value>0xa670</value>
         <object_component_ref idref="oc-438"/>
      </symbol>
      <symbol id="sm-5af">
         <name>__mspabi_slll_13</name>
         <value>0xa674</value>
         <object_component_ref idref="oc-438"/>
      </symbol>
      <symbol id="sm-5b0">
         <name>__mspabi_slll_12</name>
         <value>0xa678</value>
         <object_component_ref idref="oc-438"/>
      </symbol>
      <symbol id="sm-5b1">
         <name>__mspabi_slll_11</name>
         <value>0xa67c</value>
         <object_component_ref idref="oc-438"/>
      </symbol>
      <symbol id="sm-5b2">
         <name>__mspabi_slll_10</name>
         <value>0xa680</value>
         <object_component_ref idref="oc-438"/>
      </symbol>
      <symbol id="sm-5c2">
         <name>__mspabi_srll_8</name>
         <value>0xa0d6</value>
         <object_component_ref idref="oc-513"/>
      </symbol>
      <symbol id="sm-5c3">
         <name>__mspabi_srll_9</name>
         <value>0xa0d0</value>
         <object_component_ref idref="oc-513"/>
      </symbol>
      <symbol id="sm-5c4">
         <name>__mspabi_srll_6</name>
         <value>0xa0e2</value>
         <object_component_ref idref="oc-513"/>
      </symbol>
      <symbol id="sm-5c5">
         <name>__mspabi_srll_7</name>
         <value>0xa0dc</value>
         <object_component_ref idref="oc-513"/>
      </symbol>
      <symbol id="sm-5c6">
         <name>__mspabi_srll_4</name>
         <value>0xa0ee</value>
         <object_component_ref idref="oc-513"/>
      </symbol>
      <symbol id="sm-5c7">
         <name>__mspabi_srll_5</name>
         <value>0xa0e8</value>
         <object_component_ref idref="oc-513"/>
      </symbol>
      <symbol id="sm-5c8">
         <name>__mspabi_srll_2</name>
         <value>0xa0fa</value>
         <object_component_ref idref="oc-513"/>
      </symbol>
      <symbol id="sm-5c9">
         <name>__mspabi_srll_3</name>
         <value>0xa0f4</value>
         <object_component_ref idref="oc-513"/>
      </symbol>
      <symbol id="sm-5ca">
         <name>__mspabi_srll_1</name>
         <value>0xa100</value>
         <object_component_ref idref="oc-513"/>
      </symbol>
      <symbol id="sm-5cb">
         <name>__mspabi_srll_15</name>
         <value>0xa0ac</value>
         <object_component_ref idref="oc-513"/>
      </symbol>
      <symbol id="sm-5cc">
         <name>__mspabi_srll_14</name>
         <value>0xa0b2</value>
         <object_component_ref idref="oc-513"/>
      </symbol>
      <symbol id="sm-5cd">
         <name>__mspabi_srll_13</name>
         <value>0xa0b8</value>
         <object_component_ref idref="oc-513"/>
      </symbol>
      <symbol id="sm-5ce">
         <name>__mspabi_srll_12</name>
         <value>0xa0be</value>
         <object_component_ref idref="oc-513"/>
      </symbol>
      <symbol id="sm-5cf">
         <name>__mspabi_srll_11</name>
         <value>0xa0c4</value>
         <object_component_ref idref="oc-513"/>
      </symbol>
      <symbol id="sm-5d0">
         <name>__mspabi_srll_10</name>
         <value>0xa0ca</value>
         <object_component_ref idref="oc-513"/>
      </symbol>
      <symbol id="sm-5d1">
         <name>__mspabi_srll</name>
         <value>0xaa92</value>
         <object_component_ref idref="oc-56d"/>
      </symbol>
      <symbol id="sm-5db">
         <name>__mspabi_mpyl_sw</name>
         <value>0xa91a</value>
         <object_component_ref idref="oc-44b"/>
      </symbol>
      <symbol id="sm-5dc">
         <name>__mspabi_mpyl</name>
         <value>0xa91a</value>
         <object_component_ref idref="oc-44b"/>
      </symbol>
      <symbol id="sm-5ec">
         <name>_stack</name>
         <value>0x5b0</value>
         <object_component_ref idref="oc-a8"/>
      </symbol>
      <symbol id="sm-5ed">
         <name>_c_int00_noargs</name>
         <value>0xa9c6</value>
         <object_component_ref idref="oc-10e"/>
      </symbol>
      <symbol id="sm-5ee">
         <name>_reset_vector</name>
         <value>0xfffe</value>
         <object_component_ref idref="oc-ab"/>
      </symbol>
      <symbol id="sm-610">
         <name>__TI_auto_init_nobinit_nopinit</name>
         <value>0xa5ae</value>
         <object_component_ref idref="oc-27b"/>
      </symbol>
      <symbol id="sm-628">
         <name>__TI_zero_init_nomemset</name>
         <value>0xaa46</value>
         <object_component_ref idref="oc-fc"/>
      </symbol>
      <symbol id="sm-633">
         <name>_system_pre_init</name>
         <value>0xab38</value>
         <object_component_ref idref="oc-19d"/>
      </symbol>
      <symbol id="sm-63c">
         <name>_system_post_cinit</name>
         <value>0xab3c</value>
         <object_component_ref idref="oc-3f2"/>
      </symbol>
      <symbol id="sm-652">
         <name>__TI_decompress_none</name>
         <value>0xaa80</value>
         <object_component_ref idref="oc-38"/>
      </symbol>
      <symbol id="sm-675">
         <name>__TI_decompress_lzss</name>
         <value>0x9d00</value>
         <object_component_ref idref="oc-32"/>
      </symbol>
      <symbol id="sm-680">
         <name>__mspabi_fixdu</name>
         <value>0xaa6e</value>
         <object_component_ref idref="oc-471"/>
      </symbol>
      <symbol id="sm-695">
         <name>__mspabi_fixdul</name>
         <value>0x9d7c</value>
         <object_component_ref idref="oc-532"/>
      </symbol>
      <symbol id="sm-69e">
         <name>__mspabi_fltud</name>
         <value>0xab2c</value>
         <object_component_ref idref="oc-465"/>
      </symbol>
      <symbol id="sm-6b3">
         <name>__mspabi_fltuld</name>
         <value>0x9a70</value>
         <object_component_ref idref="oc-519"/>
      </symbol>
      <symbol id="sm-6d5">
         <name>__mspabi_mpyd</name>
         <value>0x8286</value>
         <object_component_ref idref="oc-46b"/>
      </symbol>
      <symbol id="sm-6df">
         <name>C$$EXIT</name>
         <value>0xab32</value>
         <object_component_ref idref="oc-26f"/>
      </symbol>
      <symbol id="sm-6e0">
         <name>abort</name>
         <value>0xab32</value>
         <object_component_ref idref="oc-26f"/>
      </symbol>
      <symbol id="sm-6f0">
         <name>memcpy</name>
         <value>0xaaa4</value>
         <object_component_ref idref="oc-c6"/>
      </symbol>
      <symbol id="sm-6fe">
         <name>memset</name>
         <value>0xaa5a</value>
         <object_component_ref idref="oc-1eb"/>
      </symbol>
      <symbol id="sm-706">
         <name>__mspabi_srai</name>
         <value>0xa850</value>
         <object_component_ref idref="oc-520"/>
      </symbol>
      <symbol id="sm-707">
         <name>__mspabi_srai_8</name>
         <value>0xa86a</value>
         <object_component_ref idref="oc-520"/>
      </symbol>
      <symbol id="sm-708">
         <name>__mspabi_srai_9</name>
         <value>0xa868</value>
         <object_component_ref idref="oc-520"/>
      </symbol>
      <symbol id="sm-709">
         <name>__mspabi_srai_6</name>
         <value>0xa86e</value>
         <object_component_ref idref="oc-520"/>
      </symbol>
      <symbol id="sm-70a">
         <name>__mspabi_srai_7</name>
         <value>0xa86c</value>
         <object_component_ref idref="oc-520"/>
      </symbol>
      <symbol id="sm-70b">
         <name>__mspabi_srai_4</name>
         <value>0xa872</value>
         <object_component_ref idref="oc-520"/>
      </symbol>
      <symbol id="sm-70c">
         <name>__mspabi_srai_5</name>
         <value>0xa870</value>
         <object_component_ref idref="oc-520"/>
      </symbol>
      <symbol id="sm-70d">
         <name>__mspabi_srai_2</name>
         <value>0xa876</value>
         <object_component_ref idref="oc-520"/>
      </symbol>
      <symbol id="sm-70e">
         <name>__mspabi_srai_3</name>
         <value>0xa874</value>
         <object_component_ref idref="oc-520"/>
      </symbol>
      <symbol id="sm-70f">
         <name>__mspabi_srai_1</name>
         <value>0xa878</value>
         <object_component_ref idref="oc-520"/>
      </symbol>
      <symbol id="sm-710">
         <name>__mspabi_srai_15</name>
         <value>0xa85c</value>
         <object_component_ref idref="oc-520"/>
      </symbol>
      <symbol id="sm-711">
         <name>__mspabi_srai_14</name>
         <value>0xa85e</value>
         <object_component_ref idref="oc-520"/>
      </symbol>
      <symbol id="sm-712">
         <name>__mspabi_srai_13</name>
         <value>0xa860</value>
         <object_component_ref idref="oc-520"/>
      </symbol>
      <symbol id="sm-713">
         <name>__mspabi_srai_12</name>
         <value>0xa862</value>
         <object_component_ref idref="oc-520"/>
      </symbol>
      <symbol id="sm-714">
         <name>__mspabi_srai_11</name>
         <value>0xa864</value>
         <object_component_ref idref="oc-520"/>
      </symbol>
      <symbol id="sm-715">
         <name>__mspabi_srai_10</name>
         <value>0xa866</value>
         <object_component_ref idref="oc-520"/>
      </symbol>
      <symbol id="sm-71d">
         <name>__mspabi_slli</name>
         <value>0xa87c</value>
         <object_component_ref idref="oc-ac"/>
      </symbol>
      <symbol id="sm-71e">
         <name>__mspabi_slli_9</name>
         <value>0xa894</value>
         <object_component_ref idref="oc-ac"/>
      </symbol>
      <symbol id="sm-71f">
         <name>__mspabi_slli_8</name>
         <value>0xa896</value>
         <object_component_ref idref="oc-ac"/>
      </symbol>
      <symbol id="sm-720">
         <name>__mspabi_slli_7</name>
         <value>0xa898</value>
         <object_component_ref idref="oc-ac"/>
      </symbol>
      <symbol id="sm-721">
         <name>__mspabi_slli_6</name>
         <value>0xa89a</value>
         <object_component_ref idref="oc-ac"/>
      </symbol>
      <symbol id="sm-722">
         <name>__mspabi_slli_5</name>
         <value>0xa89c</value>
         <object_component_ref idref="oc-ac"/>
      </symbol>
      <symbol id="sm-723">
         <name>__mspabi_slli_4</name>
         <value>0xa89e</value>
         <object_component_ref idref="oc-ac"/>
      </symbol>
      <symbol id="sm-724">
         <name>__mspabi_slli_3</name>
         <value>0xa8a0</value>
         <object_component_ref idref="oc-ac"/>
      </symbol>
      <symbol id="sm-725">
         <name>__mspabi_slli_2</name>
         <value>0xa8a2</value>
         <object_component_ref idref="oc-ac"/>
      </symbol>
      <symbol id="sm-726">
         <name>__mspabi_slli_1</name>
         <value>0xa8a4</value>
         <object_component_ref idref="oc-ac"/>
      </symbol>
      <symbol id="sm-727">
         <name>__mspabi_slli_15</name>
         <value>0xa888</value>
         <object_component_ref idref="oc-ac"/>
      </symbol>
      <symbol id="sm-728">
         <name>__mspabi_slli_14</name>
         <value>0xa88a</value>
         <object_component_ref idref="oc-ac"/>
      </symbol>
      <symbol id="sm-729">
         <name>__mspabi_slli_13</name>
         <value>0xa88c</value>
         <object_component_ref idref="oc-ac"/>
      </symbol>
      <symbol id="sm-72a">
         <name>__mspabi_slli_12</name>
         <value>0xa88e</value>
         <object_component_ref idref="oc-ac"/>
      </symbol>
      <symbol id="sm-72b">
         <name>__mspabi_slli_11</name>
         <value>0xa890</value>
         <object_component_ref idref="oc-ac"/>
      </symbol>
      <symbol id="sm-72c">
         <name>__mspabi_slli_10</name>
         <value>0xa892</value>
         <object_component_ref idref="oc-ac"/>
      </symbol>
      <symbol id="sm-734">
         <name>__mspabi_srli_8</name>
         <value>0xa46e</value>
         <object_component_ref idref="oc-b1"/>
      </symbol>
      <symbol id="sm-735">
         <name>__mspabi_srli_9</name>
         <value>0xa46a</value>
         <object_component_ref idref="oc-b1"/>
      </symbol>
      <symbol id="sm-736">
         <name>__mspabi_srli_6</name>
         <value>0xa476</value>
         <object_component_ref idref="oc-b1"/>
      </symbol>
      <symbol id="sm-737">
         <name>__mspabi_srli_7</name>
         <value>0xa472</value>
         <object_component_ref idref="oc-b1"/>
      </symbol>
      <symbol id="sm-738">
         <name>__mspabi_srli_4</name>
         <value>0xa47e</value>
         <object_component_ref idref="oc-b1"/>
      </symbol>
      <symbol id="sm-739">
         <name>__mspabi_srli_5</name>
         <value>0xa47a</value>
         <object_component_ref idref="oc-b1"/>
      </symbol>
      <symbol id="sm-73a">
         <name>__mspabi_srli_2</name>
         <value>0xa486</value>
         <object_component_ref idref="oc-b1"/>
      </symbol>
      <symbol id="sm-73b">
         <name>__mspabi_srli_3</name>
         <value>0xa482</value>
         <object_component_ref idref="oc-b1"/>
      </symbol>
      <symbol id="sm-73c">
         <name>__mspabi_srli_1</name>
         <value>0xa48a</value>
         <object_component_ref idref="oc-b1"/>
      </symbol>
      <symbol id="sm-73d">
         <name>__mspabi_srli</name>
         <value>0xa444</value>
         <object_component_ref idref="oc-b1"/>
      </symbol>
      <symbol id="sm-73e">
         <name>__mspabi_srli_15</name>
         <value>0xa452</value>
         <object_component_ref idref="oc-b1"/>
      </symbol>
      <symbol id="sm-73f">
         <name>__mspabi_srli_14</name>
         <value>0xa456</value>
         <object_component_ref idref="oc-b1"/>
      </symbol>
      <symbol id="sm-740">
         <name>__mspabi_srli_13</name>
         <value>0xa45a</value>
         <object_component_ref idref="oc-b1"/>
      </symbol>
      <symbol id="sm-741">
         <name>__mspabi_srli_12</name>
         <value>0xa45e</value>
         <object_component_ref idref="oc-b1"/>
      </symbol>
      <symbol id="sm-742">
         <name>__mspabi_srli_11</name>
         <value>0xa462</value>
         <object_component_ref idref="oc-b1"/>
      </symbol>
      <symbol id="sm-743">
         <name>__mspabi_srli_10</name>
         <value>0xa466</value>
         <object_component_ref idref="oc-b1"/>
      </symbol>
      <symbol id="sm-756">
         <name>__TI_frcmpyd</name>
         <value>0x8000</value>
         <object_component_ref idref="oc-525"/>
      </symbol>
      <symbol id="sm-75e">
         <name>__mspabi_sral_15</name>
         <value>0xa62e</value>
         <object_component_ref idref="oc-564"/>
      </symbol>
      <symbol id="sm-75f">
         <name>__mspabi_sral_14</name>
         <value>0xa632</value>
         <object_component_ref idref="oc-564"/>
      </symbol>
      <symbol id="sm-760">
         <name>__mspabi_sral_13</name>
         <value>0xa636</value>
         <object_component_ref idref="oc-564"/>
      </symbol>
      <symbol id="sm-761">
         <name>__mspabi_sral_12</name>
         <value>0xa63a</value>
         <object_component_ref idref="oc-564"/>
      </symbol>
      <symbol id="sm-762">
         <name>__mspabi_sral_11</name>
         <value>0xa63e</value>
         <object_component_ref idref="oc-564"/>
      </symbol>
      <symbol id="sm-763">
         <name>__mspabi_sral_10</name>
         <value>0xa642</value>
         <object_component_ref idref="oc-564"/>
      </symbol>
      <symbol id="sm-764">
         <name>__mspabi_sral_8</name>
         <value>0xa64a</value>
         <object_component_ref idref="oc-564"/>
      </symbol>
      <symbol id="sm-765">
         <name>__mspabi_sral_9</name>
         <value>0xa646</value>
         <object_component_ref idref="oc-564"/>
      </symbol>
      <symbol id="sm-766">
         <name>__mspabi_sral_6</name>
         <value>0xa652</value>
         <object_component_ref idref="oc-564"/>
      </symbol>
      <symbol id="sm-767">
         <name>__mspabi_sral_7</name>
         <value>0xa64e</value>
         <object_component_ref idref="oc-564"/>
      </symbol>
      <symbol id="sm-768">
         <name>__mspabi_sral_4</name>
         <value>0xa65a</value>
         <object_component_ref idref="oc-564"/>
      </symbol>
      <symbol id="sm-769">
         <name>__mspabi_sral_5</name>
         <value>0xa656</value>
         <object_component_ref idref="oc-564"/>
      </symbol>
      <symbol id="sm-76a">
         <name>__mspabi_sral_2</name>
         <value>0xa662</value>
         <object_component_ref idref="oc-564"/>
      </symbol>
      <symbol id="sm-76b">
         <name>__mspabi_sral_3</name>
         <value>0xa65e</value>
         <object_component_ref idref="oc-564"/>
      </symbol>
      <symbol id="sm-76c">
         <name>__mspabi_sral_1</name>
         <value>0xa666</value>
         <object_component_ref idref="oc-564"/>
      </symbol>
   </symbol_table>
   <title>Link errors: red sections failed placement</title>
</link_info>
